Renesas Optimizing Linker (W2.08.00 )             20-Apr-2019 17:20:47

*** Options ***

-subcommand=DefaultBuild\ReMichishirube.clnk
-library=DefaultBuild\ReMichishirube.lib
-input=DefaultBuild\dbsct.obj
-input=DefaultBuild\ReMichishirube.obj
-input=DefaultBuild\resetprg.obj
-input=DefaultBuild\sbrk.obj
-input=DefaultBuild\R_PG_Clock.obj
-input=DefaultBuild\R_PG_IO_PORT.obj
-input=DefaultBuild\R_PG_IO_PORT_P0.obj
-input=DefaultBuild\R_PG_IO_PORT_P3.obj
-input=DefaultBuild\R_PG_IO_PORT_P4.obj
-input=DefaultBuild\R_PG_IO_PORT_P5.obj
-input=DefaultBuild\R_PG_IO_PORT_PA.obj
-input=DefaultBuild\R_PG_IO_PORT_PB.obj
-input=DefaultBuild\R_PG_IO_PORT_PC.obj
-input=DefaultBuild\R_PG_IO_PORT_PE.obj
-input=DefaultBuild\R_PG_Timer_MTU_U0_C0.obj
-input=DefaultBuild\R_PG_Timer_MTU_U0_C1.obj
-input=DefaultBuild\R_PG_Timer_MTU_U0_C2.obj
-input=DefaultBuild\R_PG_Timer_MTU_U0_C3.obj
-input=DefaultBuild\R_PG_Timer_MTU_U0_C4.obj
-input=DefaultBuild\R_PG_Timer_MTU_U0.obj
-input=DefaultBuild\R_PG_Timer_CMT_U0.obj
-input=DefaultBuild\R_PG_Timer_CMT_U1.obj
-input=DefaultBuild\R_PG_SCI_C1.obj
-input=DefaultBuild\R_PG_SCI_C8.obj
-input=DefaultBuild\R_PG_ADC_12_S12AD0.obj
-input=DefaultBuild\Interrupt_INTC.obj
-input=DefaultBuild\Interrupt_MTU2.obj
-input=DefaultBuild\Interrupt_MTU2_TPU.obj
-input=DefaultBuild\Interrupt_CMT.obj
-input=DefaultBuild\auxiliary.obj
-input=DefaultBuild\Flash_sma.obj
-input=DefaultBuild\init.obj
-input=DefaultBuild\interrupt.obj
-input=DefaultBuild\port.obj
-input=DefaultBuild\search.obj
-input=DefaultBuild\sensor.obj
-input=DefaultBuild\uart.obj
-input=DefaultBuild\drive.obj
-library=C:\Renesas\PDG2\lib\RX63N\RX63N_library_64_little.lib
-noprelink
-output=DefaultBuild\ReMichishirube.abs
-list=DefaultBuild\ReMichishirube.map
-nooptimize
-start=B_1,R_1,B_2,R_2,B,R,SU,SI/04,PResetPRG/0FFF80000,C_1,C_2,C,C$DSEC,C$BSEC,C$INIT,C$VTBL,C$VECT,D_1,D_2,D,P,PIntPRG,W_1,W_2,W,L/0FFF80100,FIXEDVECT/0FFFFFFD0
-rom=D=R,D_1=R_1,D_2=R_2
-nologo
-end

*** Error information ***

W0561100:Cannot find "PIntPRG" specified in option "start"

*** Mapping List ***

SECTION                            START      END         SIZE   ALIGN
B_1
                                  00000004  00000329       326   1
R_1
                                  0000032a  0000037a        51   1
B_2
                                  0000037c  000003f9        7e   2
R_2
                                  000003fa  00000413        1a   2
B
                                  00000414  0000ca13      c600   4
R
                                  0000ca14  0000cdb3       3a0   4
SU
                                  0000cdb4  0000ceb3       100   4
SI
                                  0000ceb4  0000d1b3       300   4
PResetPRG
                                  fff80000  fff80030        31   1
C_1
                                  fff80100  fff8020d       10e   1
C_2
                                  fff8020e  fff80417       20a   2
C
                                  fff80418  fff804af        98   4
C$DSEC
                                  fff804b0  fff804d3        24   4
C$BSEC
                                  fff804d4  fff804eb        18   4
C$INIT
                                  fff804ec  fff804ec         0   1
C$VTBL
                                  fff804ec  fff804ec         0   1
C$VECT
                                  fff804ec  fff808eb       400   4
D_1
                                  fff808ec  fff8093c        51   1
D_2
                                  fff8093e  fff80957        1a   2
D
                                  fff80958  fff80cf7       3a0   4
P
                                  fff80cf8  fff91d53     1105c   1
W_1
                                  fff91d54  fff91d64        11   1
W_2
                                  fff91d66  fff91d77        12   2
W
                                  fff91d78  fff91d78         0   4
L
                                  fff91d78  fff91fa8       231   4
$ADDR_C_FFFFFF80
                                  ffffff80  ffffff83         4   1
FIXEDVECT
                                  ffffffd0  ffffffff        30   4
