Renesas Optimizing Linker (W2.08.00 )             08-Feb-2019 16:33:01

*** Options ***

-subcommand=DefaultBuild\ReMichishirube.clnk
-library=DefaultBuild\ReMichishirube.lib
-input=DefaultBuild\dbsct.obj
-input=DefaultBuild\ReMichishirube.obj
-input=DefaultBuild\resetprg.obj
-input=DefaultBuild\sbrk.obj
-input=DefaultBuild\R_PG_Clock.obj
-input=DefaultBuild\R_PG_IO_PORT.obj
-input=DefaultBuild\R_PG_IO_PORT_P0.obj
-input=DefaultBuild\R_PG_IO_PORT_P3.obj
-input=DefaultBuild\R_PG_IO_PORT_P4.obj
-input=DefaultBuild\R_PG_IO_PORT_P5.obj
-input=DefaultBuild\R_PG_IO_PORT_PA.obj
-input=DefaultBuild\R_PG_IO_PORT_PB.obj
-input=DefaultBuild\R_PG_IO_PORT_PC.obj
-input=DefaultBuild\R_PG_IO_PORT_PE.obj
-input=DefaultBuild\R_PG_Timer_MTU_U0_C0.obj
-input=DefaultBuild\R_PG_Timer_MTU_U0_C1.obj
-input=DefaultBuild\R_PG_Timer_MTU_U0_C2.obj
-input=DefaultBuild\R_PG_Timer_MTU_U0_C3.obj
-input=DefaultBuild\R_PG_Timer_MTU_U0_C4.obj
-input=DefaultBuild\R_PG_Timer_MTU_U0.obj
-input=DefaultBuild\R_PG_Timer_CMT_U0.obj
-input=DefaultBuild\R_PG_Timer_CMT_U1.obj
-input=DefaultBuild\R_PG_SCI_C1.obj
-input=DefaultBuild\R_PG_SCI_C8.obj
-input=DefaultBuild\R_PG_ADC_12_S12AD0.obj
-input=DefaultBuild\Interrupt_INTC.obj
-input=DefaultBuild\Interrupt_MTU2.obj
-input=DefaultBuild\Interrupt_MTU2_TPU.obj
-input=DefaultBuild\Interrupt_CMT.obj
-input=DefaultBuild\auxiliary.obj
-input=DefaultBuild\Flash_sma.obj
-input=DefaultBuild\init.obj
-input=DefaultBuild\interrupt.obj
-input=DefaultBuild\port.obj
-input=DefaultBuild\search.obj
-input=DefaultBuild\sensor.obj
-input=DefaultBuild\uart.obj
-input=DefaultBuild\drive.obj
-library=C:\Renesas\PDG2\lib\RX63N\RX63N_library_64_little.lib
-noprelink
-output=DefaultBuild\ReMichishirube.abs
-list=DefaultBuild\ReMichishirube.map
-nooptimize
-start=B_1,R_1,B_2,R_2,B,R,SU,SI/04,PResetPRG/0FFF80000,C_1,C_2,C,C$DSEC,C$BSEC,C$INIT,C$VTBL,C$VECT,D_1,D_2,D,P,PIntPRG,W_1,W_2,W,L/0FFF80100,FIXEDVECT/0FFFFFFD0
-rom=D=R,D_1=R_1,D_2=R_2
-nologo
-end

*** Error information ***

W0561100:Cannot find "PIntPRG" specified in option "start"

*** Mapping List ***

SECTION                            START      END         SIZE   ALIGN
B_1
                                  00000004  00000328       325   1
R_1
                                  00000329  00000379        51   1
B_2
                                  0000037a  000003e5        6c   2
R_2
                                  000003e6  000003ff        1a   2
B
                                  00000400  0000e8c3      e4c4   4
R
                                  0000e8c4  0000ec63       3a0   4
SU
                                  0000ec64  0000ed63       100   4
SI
                                  0000ed64  0000f063       300   4
PResetPRG
                                  fff80000  fff80030        31   1
C_1
                                  fff80100  fff8020d       10e   1
C_2
                                  fff8020e  fff8057f       372   2
C
                                  fff80580  fff80617        98   4
C$DSEC
                                  fff80618  fff8063b        24   4
C$BSEC
                                  fff8063c  fff80653        18   4
C$INIT
                                  fff80654  fff80654         0   1
C$VTBL
                                  fff80654  fff80654         0   1
C$VECT
                                  fff80654  fff80a53       400   4
D_1
                                  fff80a54  fff80aa4        51   1
D_2
                                  fff80aa6  fff80abf        1a   2
D
                                  fff80ac0  fff80e5f       3a0   4
P
                                  fff80e60  fff91c8a     10e2b   1
W_1
                                  fff91c8b  fff91c9b        11   1
W_2
                                  fff91c9c  fff91cad        12   2
W
                                  fff91cb0  fff91cb0         0   4
L
                                  fff91cb0  fff91f40       291   4
$ADDR_C_FFFFFF80
                                  ffffff80  ffffff83         4   1
FIXEDVECT
                                  ffffffd0  ffffffff        30   4
